*WARNING* file /home/cadence/CDS.log File is already locked by some other process.
COPYRIGHT © 1992-2015  CADENCE DESIGN SYSTEMS INC.  ALL RIGHTS RESERVED.
          © 1992-2015  UNIX SYSTEMS Laboratories INC.,
                         Reproduced with permission.

This Cadence Design Systems program and online documentation are
proprietary/confidential information and may be disclosed/used only
as authorized in a license agreement controlling such use and disclosure.

          RESTRICTED RIGHTS NOTICE (SHORT FORM)
Use/reproduction/disclosure is subject to restriction
set forth at FAR 1252.227-19 or its equivalent.
*WARNING* envSetVal: Can't set the value of variable 'font',
	in tool[.partition] 'viva.rectGraph' - it has not been registered.
Loading geView.cxt 
Loading menuBuilder.cxt 
Loading schView.cxt 
Loading selectSv.cxt 
Loading wireEdit.cxt 
Loading pte2.cxt 
Loading xlUI.cxt 
Loading auCore.cxt 
Loading vhdl.cxt 
Loading seismic.cxt 
Loading ci.cxt 
Loading ams.cxt 
Virtuoso Framework License (111) was checked out successfully. Total checkout time was 0.01s.
Loading dal.cxt 
Loading awv.cxt 
Loading oasis.cxt 
Loading analog.cxt 
Loading asimenv.cxt 
Loading spectrei.cxt 
Loading devCheck.cxt 
Loading relXpert.cxt 
Loading viva.cxt 
ANALOG_AI_RESULTS_BEGIN
(model instance output designParamVals primitives subckts dc ac "dcCorrInfo-info")
ANALOG_AI_RESULTS_END
ANALOG_AI_AC_OUTPUTS_BEGIN
("Vout" "net02" "net04" "vdd!" "Vin+" "Vin-" "net8" "Vin" "V4:p" "V5:p" "V8:p")
ANALOG_AI_AC_OUTPUTS_END
ANALOG_AI_DC_OUTPUTS_BEGIN
("Vout" "net02" "net04" "vdd!" "Vin+" "Vin-" "net8" "Vin" "V4:p" "V5:p" "V8:p")
ANALOG_AI_DC_OUTPUTS_END
ANALOG_AI_METRICS 24.1990468548301 138626016.782732 2082123646.95028 -101.008771923684 78.9912280763161 0.506491473535429 0.0928763484041728 0.50649149806994 -0.000423190231282307 0.000507828277538768

Loading lce.cxt 
